// Jest Snapshot v1, https://goo.gl/fbAQLP

exports[`renders correctly 1`] = `
<View
  style={
    Object {
      "alignItems": "center",
      "flexDirection": "row",
      "justifyContent": "center",
      "marginBottom": 20,
      "width": "100%",
    }
  }
>
  <Text
    style={
      Object {
        "fontSize": 20,
        "textAlign": "center",
      }
    }
  >
    teste
  </Text>
  <View
    accessible={true}
    collapsable={false}
    focusable={true}
    onClick={[Function]}
    onResponderGrant={[Function]}
    onResponderMove={[Function]}
    onResponderRelease={[Function]}
    onResponderTerminate={[Function]}
    onResponderTerminationRequest={[Function]}
    onStartShouldSetResponder={[Function]}
    style={
      Object {
        "opacity": 1,
      }
    }
    testID="reload"
  >
    <Image
      source={
        Object {
          "testUri": "../../../src/assets/images/reload.png",
        }
      }
      style={
        Object {
          "height": 48,
          "marginLeft": 15,
          "resizeMode": "contain",
          "width": 48,
        }
      }
    />
  </View>
</View>
`;
