// Jest Snapshot v1, https://goo.gl/fbAQLP

exports[`renders correctly 1`] = `
Array [
  " ",
  <BVLinearGradient
    colors={
      Array [
        4278224639,
        4288499932,
      ]
    }
    endPoint={
      Object {
        "x": 0.5,
        "y": 1,
      }
    }
    locations={null}
    startPoint={
      Object {
        "x": 0.5,
        "y": 0,
      }
    }
    style={
      Array [
        Object {
          "flex": 1,
        },
        undefined,
      ]
    }
  >
    <RCTScrollView
      refreshControl={
        <RefreshControlMock
          onRefresh={[Function]}
          refreshing={false}
        />
      }
      style={
        Object {
          "backgroundColor": "transparent",
          "flex": 1,
          "minHeight": 1334,
          "width": "100%",
        }
      }
    >
      <RCTRefreshControl />
      <View>
        <RCTSafeAreaView
          emulateUnlessSupported={true}
        >
          <View
            style={
              Object {
                "backgroundColor": "transparent",
                "marginTop": 30,
                "width": "100%",
              }
            }
          >
            <View
              style={
                Object {
                  "alignItems": "center",
                  "flexDirection": "row",
                  "justifyContent": "center",
                  "marginBottom": 20,
                  "width": "100%",
                }
              }
            >
              <Text
                style={
                  Object {
                    "color": "white",
                    "fontSize": 20,
                    "textAlign": "center",
                  }
                }
              >
                 - 
              </Text>
              <View
                accessible={true}
                collapsable={false}
                focusable={true}
                onClick={[Function]}
                onResponderGrant={[Function]}
                onResponderMove={[Function]}
                onResponderRelease={[Function]}
                onResponderTerminate={[Function]}
                onResponderTerminationRequest={[Function]}
                onStartShouldSetResponder={[Function]}
                style={
                  Object {
                    "opacity": 1,
                  }
                }
                testID="reload"
              >
                <Image
                  source={
                    Object {
                      "testUri": "../../../src/assets/images/reload.png",
                    }
                  }
                  style={
                    Object {
                      "height": 48,
                      "marginLeft": 15,
                      "resizeMode": "contain",
                      "width": 48,
                    }
                  }
                />
              </View>
            </View>
            <View
              style={
                Object {
                  "alignItems": "center",
                  "flexDirection": "column",
                  "width": "100%",
                }
              }
            >
              <View
                style={
                  Object {
                    "alignItems": "center",
                    "flexDirection": "row",
                  }
                }
              >
                <View
                  style={
                    Object {
                      "alignItems": "center",
                      "flexDirection": "column",
                      "justifyContent": "center",
                    }
                  }
                >
                  <Text
                    style={
                      Object {
                        "color": "white",
                        "fontSize": 60,
                        "fontWeight": "bold",
                        "marginBottom": 15,
                      }
                    }
                  >
                    0.0
                     °C
                  </Text>
                  <Text
                    style={
                      Object {
                        "color": "white",
                        "fontSize": 18,
                        "fontWeight": "bold",
                        "textTransform": "capitalize",
                      }
                    }
                  />
                  <View
                    style={
                      Object {
                        "flexDirection": "row",
                        "marginTop": 15,
                      }
                    }
                  >
                    <Text
                      style={
                        Object {
                          "color": "white",
                          "fontSize": 15,
                          "marginRight": 10,
                        }
                      }
                    >
                      Máx: 
                      0
                       °C
                    </Text>
                    <Text
                      style={
                        Array [
                          Object {
                            "color": "white",
                            "fontSize": 15,
                            "marginRight": 10,
                          },
                          Object {
                            "marginRight": 0,
                          },
                        ]
                      }
                    >
                      min: 
                      0
                       °C
                    </Text>
                  </View>
                </View>
              </View>
            </View>
          </View>
        </RCTSafeAreaView>
      </View>
    </RCTScrollView>
  </BVLinearGradient>,
  " ",
]
`;
